
Discarded input sections

 .group         0x00000000        0xc /tmp/cc419rIH.o
 .group         0x00000000        0xc /tmp/cc419rIH.o
 .group         0x00000000        0xc /tmp/cc419rIH.o
 .group         0x00000000        0xc /tmp/cc419rIH.o
 .group         0x00000000        0xc /tmp/cc419rIH.o
 .group         0x00000000        0xc /tmp/cc419rIH.o
 .group         0x00000000        0xc /tmp/cc419rIH.o
 .group         0x00000000        0xc /tmp/cc419rIH.o
 .group         0x00000000        0xc /tmp/cc419rIH.o
 .group         0x00000000        0xc /tmp/cc419rIH.o
 .group         0x00000000        0xc /tmp/cc419rIH.o
 .group         0x00000000        0xc /tmp/cc419rIH.o
 .group         0x00000000        0xc /tmp/cc419rIH.o
 .group         0x00000000        0xc /tmp/cc419rIH.o
 .text          0x00000000        0x0 /tmp/cc419rIH.o
 .data          0x00000000        0x0 /tmp/cc419rIH.o
 .bss           0x00000000        0x0 /tmp/cc419rIH.o

Memory Configuration

Name             Origin             Length             Attributes
flash            0x08000000         0x00200000         xr
sram             0x20000000         0x00030000         xrw
*default*        0x00000000         0xffffffff

Linker script and memory map

LOAD /tmp/cc419rIH.o
LOAD /opt/st/stm32cubeclt_1.20.0/GNU-tools-for-STM32/bin/../lib/gcc/arm-none-eabi/13.3.1/../../../../arm-none-eabi/lib/thumb/v7e-m+fp/hard/libc_nano.a
LOAD /opt/st/stm32cubeclt_1.20.0/GNU-tools-for-STM32/bin/../lib/gcc/arm-none-eabi/13.3.1/thumb/v7e-m+fp/hard/libgcc.a
                0x20030000                        _estack = (ORIGIN (sram) + LENGTH (sram))

.vectors        0x08000000      0x1c4
 *(.vectors)
 .vectors       0x08000000      0x1c4 /tmp/cc419rIH.o
                0x08000000                tab

.text           0x080001c4       0xa4
 *(.text*)
 .text.startup.main
                0x080001c4       0x64 /tmp/cc419rIH.o
                0x080001c4                main
 .text._reset   0x08000228       0x40 /tmp/cc419rIH.o
                0x08000228                _reset

.glue_7         0x08000268        0x0
 .glue_7        0x08000268        0x0 linker stubs

.glue_7t        0x08000268        0x0
 .glue_7t       0x08000268        0x0 linker stubs

.vfp11_veneer   0x08000268        0x0
 .vfp11_veneer  0x08000268        0x0 linker stubs

.v4_bx          0x08000268        0x0
 .v4_bx         0x08000268        0x0 linker stubs

.iplt           0x08000268        0x0
 .iplt          0x08000268        0x0 /tmp/cc419rIH.o

.rel.dyn        0x08000268        0x0
 .rel.iplt      0x08000268        0x0 /tmp/cc419rIH.o

.rodata
 *(.rodata*)

.data           0x20000000        0x0 load address 0x08000268
                0x20000000                        _sdata = .
 *(.first_data)
 *(.data SORT_BY_NAME(.data.*))
                0x20000000                        _edata = .
                0x08000268                        _sidata = LOADADDR (.data)

.igot.plt       0x20000000        0x0 load address 0x08000268
 .igot.plt      0x20000000        0x0 /tmp/cc419rIH.o

.bss            0x20000000        0x0 load address 0x08000268
                0x20000000                        _sbss = .
 *(.bss SORT_BY_NAME(.bss.*) COMMON)
                0x20000000                        _ebss = .
                0x20000000                        . = ALIGN (0x8)
                0x20000000                        _end = .
OUTPUT(firmware.elf elf32-littlearm)
LOAD linker stubs

.debug_info     0x00000000      0x569
 .debug_info    0x00000000      0x569 /tmp/cc419rIH.o

.debug_abbrev   0x00000000      0x262
 .debug_abbrev  0x00000000      0x262 /tmp/cc419rIH.o

.debug_loclists
                0x00000000       0xfc
 .debug_loclists
                0x00000000       0xfc /tmp/cc419rIH.o

.debug_aranges  0x00000000       0x28
 .debug_aranges
                0x00000000       0x28 /tmp/cc419rIH.o

.debug_rnglists
                0x00000000       0x5e
 .debug_rnglists
                0x00000000       0x5e /tmp/cc419rIH.o

.debug_macro    0x00000000     0x160e
 .debug_macro   0x00000000       0xdc /tmp/cc419rIH.o
 .debug_macro   0x000000dc      0xacc /tmp/cc419rIH.o
 .debug_macro   0x00000ba8       0x22 /tmp/cc419rIH.o
 .debug_macro   0x00000bca       0x5b /tmp/cc419rIH.o
 .debug_macro   0x00000c25       0x2a /tmp/cc419rIH.o
 .debug_macro   0x00000c4f       0x94 /tmp/cc419rIH.o
 .debug_macro   0x00000ce3       0x43 /tmp/cc419rIH.o
 .debug_macro   0x00000d26      0x103 /tmp/cc419rIH.o
 .debug_macro   0x00000e29       0x3a /tmp/cc419rIH.o
 .debug_macro   0x00000e63       0x57 /tmp/cc419rIH.o
 .debug_macro   0x00000eba       0x6a /tmp/cc419rIH.o
 .debug_macro   0x00000f24      0x1df /tmp/cc419rIH.o
 .debug_macro   0x00001103       0x89 /tmp/cc419rIH.o
 .debug_macro   0x0000118c      0x460 /tmp/cc419rIH.o
 .debug_macro   0x000015ec       0x22 /tmp/cc419rIH.o

.debug_line     0x00000000      0x3d3
 .debug_line    0x00000000      0x3d3 /tmp/cc419rIH.o

.debug_str      0x00000000     0x5330
 .debug_str     0x00000000     0x5330 /tmp/cc419rIH.o
                               0x54db (size before relaxing)

.comment        0x00000000       0x43
 .comment       0x00000000       0x43 /tmp/cc419rIH.o
                                 0x44 (size before relaxing)

.ARM.attributes
                0x00000000       0x34
 .ARM.attributes
                0x00000000       0x34 /tmp/cc419rIH.o

.debug_frame    0x00000000       0x44
 .debug_frame   0x00000000       0x44 /tmp/cc419rIH.o
